
 ByteOrder            : Little-Endian (0x4949)
 LastModified         : 2024-01-18 22:21:51.00
 AAF ObjSpec Version  : 1.1
 ObjectModel Version  : 1
 Operational Pattern  : AAFOPDef_EditProtocol



 CompanyName          : Avid Technology, Inc.
 ProductName          : Avid Media Composer 23.12
 ProductVersion       : 23.12.0.0 AAFVersionReleased (1)
 ProductVersionString : Unknown version
 ProductID            : { 0xd0b7c06e 0xcd3d 0x4ad7 { 0xac 0xfb 0xf0 0x3a 0x4f 0x42 0xa2 0x31 } }
 Date                 : 2024-01-18 22:21:51.00
 ToolkitVersion       : 2.0.9.124 AAFVersionReleased (1)
 Platform             : AAFSDK (Win64)
 GenerationAUID       : { 0xb16d1dc7 0xa63e 0x46fd { 0x9c 0xdf 0x68 0x3f 0x54 0x72 0xd5 0x48 } }



 Composition Name            : MC_TC_30_DF.Exporté.02

 TC EditRrate                : 30/1
 TC FPS                      : 30 DF

 Composition Start (EU)      : 107892
 Composition Start (samples) : 172627200
 Composition Start           : 01:00:00;00

 Composition End (EU)        : 108282 (EditRate: 30/1)
 Composition End (samples)   : 173251200
 Composition End             : 01:00:13;00

 Dominant Sample Rate        : 48000
 Dominant Sample Size        : 16 bits


Media Essences :
================

 Audio[1] :: Format: PCM  - 01 ch - 48000 Hz - 16 bits  Length: 00:00:03;00  Name: "1000hz-18dbs16b44.1k.wav"  UniqueName: "1000hz-18dbs16b44.1k.wav"
 ├── File: "file:///D%3A/Avid%20MediaFiles/MXF/1/1000hz-18dA01.65A924A2102EA.mxf"
 └── Metadata:
     - Name: "UNC Path"    Text: "C:\Users\user\Desktop\LibAAFTestFiles\res\1000hz-18dbs16b44.1k.wav"
     - Name: "Shoot Date"  Text: "2024-01-03"
     - Name: "TapeID"      Text: "1000hz-18dbs16b44.1k.wav"


Tracks & Clips :
================

 VideoTrack[1] ::  EditRate: 30/1 (30.00)


 AudioTrack[1] ::  EditRate: 30/1 (30.00)  Format: MONO
 └── Clip (1):  Start: 01:00:10;00  Len: 00:00:03;00  End: 01:00:13;00  SourceOffset: 00:00:00;00  Channels: 1
     └── SourceFile [ch 1]: "1000hz-18dbs16b44.1k.wav"
  

 AudioTrack[2] ::  EditRate: 30/1 (30.00)  Format: Unknwn

