
 ByteOrder            : Little-Endian (0x4949)
 LastModified         : 2024-01-09 15:52:53.00
 AAF ObjSpec Version  : 1.1
 ObjectModel Version  : 1
 Operational Pattern  : AAFUID_NULL



 CompanyName          : Digidesign, Inc.
 ProductName          : ProTools
 ProductVersion       : 23.12.0.136 AAFVersionReleased (1)
 ProductVersionString : 23.12.0.136
 ProductID            : { 0x319414f6 0x5852 0x4050 { 0xa4 0xeb 0x98 0x1e 0x64 0x3f 0x33 0xa2 } }
 Date                 : 2024-01-09 15:52:46.00
 ToolkitVersion       : 1.1.6.0 AAFVersionBeta (4)
 Platform             : AAFSDK (Win64)
 GenerationAUID       : { 0xa7db0617 0xd34b 0x4aac { 0xa6 0xb9 0xd5 0x6a 0x76 0x76 0x4e 0xee } }



 Composition Name            : PT_WAV_External_sub_directory

 TC EditRrate                : 30/1
 TC FPS                      : 30 NDF

 Composition Start (EU)      : 0
 Composition Start (samples) : 0
 Composition Start           : 00:00:00:00

 Composition End (EU)        : 108060 (EditRate: 30/1)
 Composition End (samples)   : 158848200
 Composition End             : 01:00:02:00

 Dominant Sample Rate        : 32000
 Dominant Sample Size        : 16 bits

 UserComments :
   [0]  Name: "Comment"   Text: ""


Media Essences :
================

   0:  Type: WAVE  Length: 64001  01 Ch - 32000 Hz - 16 bits  file: /home/agfline/Programming/libaaf/LibAAF/test/aaf/PT_WAV_External_sub_directory/PT_WAV_ExterqqqHXSBxbzcJCBB.wav  file_name: 1000hz-18dbs16b44.1k-01


Tracks & Clips :
================

Track  (1) - MONO   - Gain: none     - Pan: none    - edit_rate: 30/1 (30.00)  -  "Audio 1"
 Clip:0    Channel: 1  Gain: none             GainAuto: none  Start: 158760000  Len: 88200  End: 158848200  Fadein: none      Fadeout: none      SrcOffset: 0
   SourceFile: [ch 1] 1000hz-18dbs16b44.1k-01   (1000hz-18dbs16b44.1k-01)




